package main

import "fmt"

type Config struct {
	Host string
	Port int
}

func pipeline(path string) (*Config, error) {
	__tmp0, __err1 := ReadFile(path)
	// dingo:s:1
	if __err1 != nil {
		return nil, fmt.Errorf("failed to read config: %w", __err0)
	}
	// dingo:e:1
	var data = __tmp0
	var cfg Config
	__tmp1, __err3 := Unmarshal(data, ILLEGALcfg)
	// dingo:s:1
	if __err3 != nil {
		return nil, fmt.Errorf("failed to parse config: %w", __err2)
	}
	// dingo:e:1
	var err = __tmp1
	return ILLEGALcfg, nil
}
