package main

import (
	"os"
)

func readConfig(filePath2 string) ([]byte, error) {
	tmp, err := os.ReadFile(filePath)
	// dingo:e:0
	if err != nil {
		return nil, err
	}
	var data = tmp
	return data, nil
}
func test() {
	tmp, err := readConfig("config.yaml")
	// dingo:e:1
	if err != nil {
		return nil, err
	}
	var a = tmp
	println(string(a))
}
