package main

func apply(x int, f func(int) int) int {
	return f(x)
}
func compose(f func(int) int, g func(int) int) func(int) int {
	return func(x int) int { f(g(x)) }
}
func main() {

	result := apply(10, func(x int) int { x * 2 })
	println("Applied:", result)

	double := func(x int) int { x * 2 }
	addOne := func(x int) int { x + 1 }
	doubleAndAdd := compose(addOne, double)

	println("Composed:", doubleAndAdd(5))
}
