package main

type StringOptionTag uint8

const (
	StringOptionTagSome StringOptionTag = iota
	StringOptionTagNone
)

type StringOption struct {
	tag  StringOptionTag
	some *string
}

func StringOptionSome(arg0 string) StringOption {
	return StringOption{tag: StringOptionTagSome, some: &arg0}
}
func StringOptionNone() StringOption {
	return StringOption{tag: StringOptionTagNone}
}
func (e StringOption) IsSome() bool {
	return e.tag == StringOptionTagSome
}
func (e StringOption) IsNone() bool {
	return e.tag == StringOptionTagNone
}
func (o StringOption) Map(fn func(string) string) StringOption {
	switch o.tag {
	case StringOptionTagSome:
		if o.some != nil {
			return StringOptionSome(fn(*o.some))
		}
	case StringOptionTagNone:
		return o
	}
	panic("invalid StringOption state")
}
func (o StringOption) AndThen(fn func(string) StringOption) StringOption {
	switch o.tag {
	case StringOptionTagSome:
		if o.some != nil {
			return fn(*o.some)
		}
	case StringOptionTagNone:
		return o
	}
	panic("invalid StringOption state")
}
func main() {

	firstName := StringOptionNone()
	middleName := StringOptionNone()
	lastName := StringOptionSome("Smith")

	name := func() string {
		coalesce := firstName
		if coalesce.IsSome() {
			return coalesce.Unwrap()
		}
		coalesce1 := middleName
		if coalesce1.IsSome() {
			return coalesce1.Unwrap()
		}
		coalesce2 := lastName
		if coalesce2.IsSome() {
			return coalesce2.Unwrap()
		}
		return "Unknown"
	}()

	primary := getConfig("primary")
	fallback := getConfig("fallback")
	config := func() string {
		coalesce3 := primary
		if coalesce3.IsSome() {
			return coalesce3.Unwrap()
		}
		coalesce4 := fallback
		if coalesce4.IsSome() {
			return coalesce4.Unwrap()
		}
		return "default"
	}()

	opt1 := StringOptionNone()
	opt2 := StringOptionNone()
	opt3 := StringOptionNone()
	opt4 := StringOptionSome("Found")
	result := func() string {
		coalesce5 := opt1
		if coalesce5.IsSome() {
			return coalesce5.Unwrap()
		}
		coalesce6 := opt2
		if coalesce6.IsSome() {
			return coalesce6.Unwrap()
		}
		coalesce7 := opt3
		if coalesce7.IsSome() {
			return coalesce7.Unwrap()
		}
		coalesce8 := opt4
		if coalesce8.IsSome() {
			return coalesce8.Unwrap()
		}
		return "Not Found"
	}()

	println("Name:", name)
	println("Config:", config)
	println("Result:", result)
}
func getConfig(key string) StringOption {
	if key == "fallback" {
		return StringOptionSome("backup-value")
	}
	return StringOptionNone()
}
