package main

type OptionTag uint8

const (
	OptionTagSome OptionTag = iota
	OptionTagNone
)

type Option struct {
	tag  OptionTag
	some *string
}

func OptionSome(arg0 string) Option {
	return Option{tag: OptionTagSome, some: &arg0}
}
func OptionNone() Option {
	return Option{tag: OptionTagNone}
}
func (e Option) IsSome() bool {
	return e.tag == OptionTagSome
}
func (e Option) IsNone() bool {
	return e.tag == OptionTagNone
}
func findUser(id int) Option {
	if id > 0 {
		return OptionSome("User" + string(rune(id)))
	}
	return OptionNone()
}
func main() {
	result := findUser(42)
	if result.IsSome() {
		println("Found:", *result.some)
	} else {
		println("Not found")
	}
}
