// Test: None constant context inference
// Feature: None type inference from context
// Description: Tests that None constants infer their types from surrounding context

package main

// Test 1: Return statement context
type OptionTag uint8

const (
	OptionTag_Some OptionTag = iota
	OptionTag_None
)

type Option struct {
	tag    OptionTag
	some_0 *int
}

func Option_Some(arg0 int) Option {
	return Option{tag: OptionTag_Some, some_0: &arg0}
}
func Option_None() Option {
	return Option{tag: OptionTag_None}
}
func (e Option) IsSome() bool {
	return e.tag == OptionTag_Some
}
func (e Option) IsNone() bool {
	return e.tag == OptionTag_None
}
func getAge() Option {
	return Option_None() // Inferred as Option[int] from return type
}

// Test 2: Function call parameter context
func processAge(age Option) {
	println("Processing age")
}
func main() {
	processAge(Option_None()) // Inferred as Option[int] from parameter type
	explicitType()
	assignmentContext()
	user := createUser()
	println("Created user:", user.name)
}

// Test 3: Explicit type annotation (always valid)
func explicitType() {
	var x Option = Option_None() // Explicit type annotation
	println("x is None")
}

// Test 4: Assignment to typed variable
func assignmentContext() {
	var age Option
	age = Option_None() // Inferred from variable type
	println("age is None")
}

// Test 5: Struct field context
type User struct {
	name string
	age  Option
}
func createUser() User {
	return User{
		name: "Alice",
		age:  Option_None(), // Inferred as Option[int] from field type
	}
}

// ERROR CASE: This should fail compilation
// Uncomment to test error handling
// fn ambiguousNone() {
//     x := None  // ERROR: cannot infer type for None constant
// }
