package main

// dingo:n:0
type OptionTag uint8

const (
	OptionTagSome OptionTag = iota
	OptionTagNone
)

type Option struct {
	tag  OptionTag
	some *string
}

func OptionSome(arg0 string) Option {
	return Option{tag: OptionTagSome, some: &arg0}
}
func OptionNone() Option {
	return Option{tag: OptionTagNone}
}
func (e Option) IsSome() bool {
	return e.tag == OptionTagSome
}
func (e Option) IsNone() bool {
	return e.tag == OptionTagNone
}
func (o Option) Map(fn func(string) string) Option {
	switch o.tag {
	case OptionTagSome:
		if o.some != nil {
			return OptionSome(fn(*o.some))
		}
	case OptionTagNone:
		return o
	}
	panic("invalid Option state")
}
func (o Option) AndThen(fn func(string) Option) Option {
	switch o.tag {
	case OptionTagSome:
		if o.some != nil {
			return fn(*o.some)
		}
	case OptionTagNone:
		return o
	}
	panic("invalid Option state")
}
func (o Option) Unwrap() string {
	if o.tag != OptionTagSome {
		panic("called Unwrap on None")
	}
	return *o.some
}
func findUser(id int) Option {
	if id > 0 {
		return OptionSome("User" + string(rune(id)))
	}
	return OptionNone()
}
func main() {
	result := findUser(42)
	if result.IsSome() {
		println("Found:", *result.some)
	} else {
		println("Not found")
	}
}
