package main

type StatusTag uint8

const (
	StatusTag_Pending StatusTag = iota
	StatusTag_Active
	StatusTag_Complete
)

type Status struct {
	tag StatusTag
}

func Status_Pending() Status {
	return Status{tag: StatusTag_Pending}
}
func Status_Active() Status {
	return Status{tag: StatusTag_Active}
}
func Status_Complete() Status {
	return Status{tag: StatusTag_Complete}
}
func (e Status) IsPending() bool {
	return e.tag == StatusTag_Pending
}
func (e Status) IsActive() bool {
	return e.tag == StatusTag_Active
}
func (e Status) IsComplete() bool {
	return e.tag == StatusTag_Complete
}
func getStatusMessage(s Status) string {
	var __match_result_0 interface{}

	__match_0 := s
	switch __match_0.tag {
	case StatusTag_Pending:

		__match_result_0 = "Waiting to start"
	case StatusTag_Active:

		__match_result_0 = "Currently running"
	case StatusTag_Complete:

		__match_result_0 = "Finished"
	}
	panic("unreachable: match is exhaustive")
	return __match_result_0

}
func main() {
	status := Status_Active()
	msg := getStatusMessage(status)
	println(msg)
}
