package main

type StatusTag uint8

const (
	StatusTagPending StatusTag = iota
	StatusTagActive
	StatusTagComplete
)

type Status struct {
	tag StatusTag
}

func StatusPending() Status {
	return Status{tag: StatusTagPending}
}
func StatusActive() Status {
	return Status{tag: StatusTagActive}
}
func StatusComplete() Status {
	return Status{tag: StatusTagComplete}
}
func (e Status) IsPending() bool {
	return e.tag == StatusTagPending
}
func (e Status) IsActive() bool {
	return e.tag == StatusTagActive
}
func (e Status) IsComplete() bool {
	return e.tag == StatusTagComplete
}
func getStatusMessage(s Status) string {
	var result interface{}

	scrutinee := s
	switch scrutinee.tag {
	case StatusTagPending:

		result = "Waiting to start"
	case StatusTagActive:

		result = "Currently running"
	case StatusTagComplete:

		result = "Finished"
	}
	panic("unreachable: match is exhaustive")
	return result

}
func main() {
	status := Status_Active()
	msg := getStatusMessage(status)
	println(msg)
}
