package main

import (
	"errors"
)

type ResultTag uint8

const (
	ResultTagOk ResultTag = iota
	ResultTagErr
)

type Result struct {
	tag   ResultTag
	ok  *int
	err *error
}

func Result_Ok(arg0 int) Result {
	return Result{tag: ResultTagOk, ok: &arg0}
}
func Result_Err(arg0 error) Result {
	return Result{tag: ResultTagErr, err: &arg0}
}
func (e Result) IsOk() bool {
	return e.tag == ResultTagOk
}
func (e Result) IsErr() bool {
	return e.tag == ResultTagErr
}
func processResults(r1 Result, r2 Result) string {

	elem0, elem1 := r1, r2

	switch elem0.tag {
	case ResultTagErr:
		switch elem1.tag {
		case ResultTagErr:

			e1 := *elem0.err
			e2 := *elem1.err
			return "Both failed: " + e1.Error() + ", " + e2.Error()
		case ResultTagOk:

			e := *elem0.err
			y := *elem1.ok
			return "First failed: " + e.Error() + ", second succeeded: " + string(y)
		}
	case ResultTagOk:
		switch elem1.tag {
		case ResultTagErr:

			x := *elem0.ok
			e := *elem1.err
			return "First succeeded: " + string(x) + ", second failed: " + e.Error()
		case ResultTagOk:

			x := *elem0.ok
			y := *elem1.ok
			return "Both succeeded: " + string(x) + ", " + string(y)
		}
	}
	panic("unreachable: match is exhaustive")

}
func main() {
	r1 := Result_Ok(42)
	r2 := Result_Err(errors.New("network error"))
	result := processResults(r1, r2)
	println(result)
}
