package main

import "fmt"

type

// Simple pattern matching examples for Result[T,E] and Option[T]
ResultTag uint8

const (
	ResultTagOk ResultTag = iota
	ResultTagErr
)

type Result_int_error struct

// Example 1: Pattern match on Result[T,E]
{
	tag ResultTag
	ok  *int
	err *error
}

func Result_int_error_Ok(arg0 int) Result_int_error {

	// DINGO_MATCH_START: result
	return Result_int_error{tag: ResultTagOk, ok: &arg0}
}
func Result_int_error_Err(arg0 error) Result_int_error {
	return Result_int_error{

	// DINGO_PATTERN: Ok(value)
	tag: ResultTagErr, err: &arg0}
}
func (r Result_int_error) IsOk() bool {
	return r.tag == ResultTagOk

	// DINGO_PATTERN: Err(e)
}
func (r Result_int_error) IsErr() bool {
	return r.tag == ResultTagErr
}
func (r Result_int_error) Unwrap(

// DINGO_MATCH_END
) int {

	// Example 2: Pattern match on Option[T]
	if r.tag != ResultTagOk {
		panic("called Unwrap on Err")
	}
	if r.ok == nil {
		panic("Result contains nil Ok value")

		// DINGO_MATCH_START: opt
	}
	return *r.ok
}
func (r Result_int_error) UnwrapOr(defaultValue int) int {
	if r.tag == ResultTagOk {
		return *r.ok

		// DINGO_PATTERN: Some(s)
	}
	return defaultValue
}
func (r Result_int_error) UnwrapErr() error {

	// DINGO_PATTERN: None
	if r.tag != ResultTagErr {
		panic("called UnwrapErr on Ok")
	}
	if r.err == nil {
		panic("Result contains nil Err value")

		// DINGO_MATCH_END

		// Example 3: Pattern match with wildcard
	}
	return *r.err
}
func (r Result_int_error) UnwrapOrElse(fn func(error) int) int {
	if r.tag == ResultTagOk &&

	// DINGO_MATCH_START: status
	r.ok != nil {
		return *r.ok
	}
	if r.err != nil {
		return fn(*r.err)
	}
	panic("Result in invalid state")

	// DINGO_PATTERN: Active
}
func (r Result_int_error) Map(fn func(int) interface{}) interface{} {

	// DINGO_PATTERN: Pending
	if r.tag == ResultTagOk && r.ok != nil {
		u := fn(*r.ok)
		return struct

		// DINGO_PATTERN: _
		{
			tag ResultTag
			ok  *interface{}
			err *error
		}{tag: ResultTagOk, ok: &u}
	}
	return struct

	// DINGO_MATCH_END
	{
		tag ResultTag
		ok  *interface{}

		// Example 4: Pattern match in assignment context
		err *error
	}{tag: r.tag, ok: nil, err: r.err}
}
func (r Result_int_error) MapErr(fn func(error) interface{}) interface{} {
	if r.tag ==

	// DINGO_MATCH_START: opt
	ResultTagErr && r.err != nil {
		f := fn(*r.err)
		return struct {
			tag ResultTag
			ok  *int
			err *interface{}
		}{tag: ResultTagErr, ok: nil, err:

		// DINGO_PATTERN: Some(x)
		&f}
	}
	return struct {
		tag ResultTag
		ok  *int
		err *interface{}
	}{tag: r.tag, ok: r.

	// DINGO_PATTERN: None
	ok, err: nil}
}
func (r Result_int_error) Filter(predicate func(int) bool) Result_int_error {
	if r.tag == ResultTagOk && predicate(

	// DINGO_MATCH_END
	*r.ok) {
		return r
	}
	return r
}
func (r Result_int_error) AndThen(

// Example 5: Nested pattern matching
fn func(int) interface{}) interface{} {
	if r.tag == ResultTagOk && r.ok != nil {
		return fn(*

		// DINGO_MATCH_START: result
		r.ok)
	}
	return struct {
		tag ResultTag
		ok  *interface{}
		err *error
	}{tag: r.tag, ok: nil, err: r.err}
}
func (r Result_int_error) OrElse(fn func

// DINGO_PATTERN: Ok(inner)
(error) interface{}) interface{} {

	// DINGO_MATCH_START: inner
	if r.tag == ResultTagErr && r.err != nil {
		return fn(*r.err)
	}
	return struct {
		tag ResultTag
		ok  *int
		err *interface{}
	}{tag: r.tag, ok: r.ok,

	// DINGO_PATTERN: Some(val)
	err: nil}
}
func (r Result_int_error) And(other interface{}) interface{} {

	// DINGO_PATTERN: None
	if r.tag == ResultTagOk {
		return other
	}
	return r
}
func (r Result_int_error) Or(other Result_int_error) Result_int_error {

	// DINGO_MATCH_END
	if r.tag == ResultTagOk {
		return r
	}
	return other

	// DINGO_PATTERN: Err(e)
}

type Result_unknown_error struct {
	tag ResultTag
	ok  *unknown
	err *error
}
func Result_unknown_error_Ok(

// DINGO_MATCH_END
arg0 unknown) Result_unknown_error {

	// Helper enum for example 3
	return Result_unknown_error{tag: ResultTagOk, ok: &arg0}
}
func Result_unknown_error_Err(arg0 error) Result_unknown_error {
	return Result_unknown_error{tag: ResultTagErr, err: &arg0}
}
func (r Result_unknown_error) IsOk() bool {
	return r.tag == ResultTagOk
}
func (r Result_unknown_error) IsErr() bool {
	return r.tag == ResultTagErr
}
func (r Result_unknown_error) Unwrap() unknown {
	if r.tag != ResultTagOk {
		panic("called Unwrap on Err")
	}
	if r.ok == nil {
		panic("Result contains nil Ok value")
	}
	return *r.ok
}
func (r Result_unknown_error) UnwrapOr(defaultValue unknown) unknown {
	if r.tag == ResultTagOk {
		return *r.ok
	}
	return defaultValue
}
func (r Result_unknown_error) UnwrapErr() error {
	if r.tag != ResultTagErr {
		panic("called UnwrapErr on Ok")
	}
	if r.err == nil {
		panic("Result contains nil Err value")
	}
	return *r.err
}
func (r Result_unknown_error) UnwrapOrElse(fn func(error) unknown) unknown {
	if r.tag == ResultTagOk && r.ok != nil {
		return *r.ok
	}
	if r.err != nil {
		return fn(*r.err)
	}
	panic("Result in invalid state")
}
func (r Result_unknown_error) Map(fn func(unknown) interface{}) interface{} {
	if r.tag == ResultTagOk && r.ok != nil {
		u := fn(*r.ok)
		return struct {
			tag ResultTag
			ok  *interface{}
			err *error
		}{tag: ResultTagOk, ok: &u}
	}
	return struct {
		tag ResultTag
		ok  *interface{}
		err *error
	}{tag: r.tag, ok: nil, err: r.err}
}
func (r Result_unknown_error) MapErr(fn func(error) interface{}) interface{} {
	if r.tag == ResultTagErr && r.err != nil {
		f := fn(*r.err)
		return struct {
			tag ResultTag
			ok  *unknown
			err *interface{}
		}{tag: ResultTagErr, ok: nil, err: &f}
	}
	return struct {
		tag ResultTag
		ok  *unknown
		err *interface{}
	}{tag: r.tag, ok: r.ok, err: nil}
}
func (r Result_unknown_error) Filter(predicate func(unknown) bool) Result_unknown_error {
	if r.tag == ResultTagOk && predicate(*r.ok) {
		return r
	}
	return r
}
func (r Result_unknown_error) AndThen(fn func(unknown) interface{}) interface{} {
	if r.tag == ResultTagOk && r.ok != nil {
		return fn(*r.ok)
	}
	return struct {
		tag ResultTag
		ok  *interface{}
		err *error
	}{tag: r.tag, ok: nil, err: r.err}
}
func (r Result_unknown_error) OrElse(fn func(error) interface{}) interface{} {
	if r.tag == ResultTagErr && r.err != nil {
		return fn(*r.err)
	}
	return struct {
		tag ResultTag
		ok  *unknown
		err *interface{}
	}{tag: r.tag, ok: r.ok, err: nil}
}
func (r Result_unknown_error) And(other interface{}) interface{} {
	if r.tag == ResultTagOk {
		return other
	}
	return r
}
func (r Result_unknown_error) Or(other Result_unknown_error) Result_unknown_error {
	if r.tag == ResultTagOk {
		return r
	}
	return other
}

type OptionTag uint8

const (
	OptionTagSome OptionTag = iota
	OptionTagNone
)

type Option_string struct {
	tag  OptionTag
	some *string
}
func Option_string_Some(arg0 string) Option_string {
	return Option_string{tag: OptionTagSome, some: &arg0}
}
func Option_string_None() Option_string {
	return Option_string{tag: OptionTagNone}
}
func (o Option_string) IsSome() bool {
	return o.tag == OptionTagSome
}
func (o Option_string) IsNone() bool {
	return o.tag == OptionTagNone
}
func (o Option_string) Unwrap() string {
	if o.tag != OptionTagSome {
		panic("called Unwrap on None")
	}
	return *o.some
}
func (o Option_string) UnwrapOr(defaultValue string) string {
	if o.tag == OptionTagSome {
		return *o.some
	}
	return defaultValue
}
func (o Option_string) UnwrapOrElse(fn func() string) string {
	if o.tag == OptionTagSome {
		return *o.some
	}
	return fn()
}
func (o Option_string) Map(fn func(string) interface{}) Option_string {
	if o.tag == OptionTagNone {
		return o
	}
	mapped := fn(*o.some)
	result := mapped.(string)
	return Option_string{tag: OptionTagSome, some: &result}
}
func (o Option_string) AndThen(fn func(string) Option_string) Option_string {
	if o.tag == OptionTagNone {
		return o
	}
	return fn(*o.some)
}
func (o Option_string) Filter(predicate func(string) bool) Option_string {
	if o.tag == OptionTagNone {
		return o
	}
	if predicate(*o.some) {
		return o
	}
	return Option_string{tag: OptionTagNone}
}

type Option_int struct {
	tag  OptionTag
	some *int
}
func Option_int_Some(arg0 int) Option_int {
	return Option_int{tag: OptionTagSome, some: &arg0}
}
func Option_int_None() Option_int {
	return Option_int{tag: OptionTagNone}
}
func (o Option_int) IsSome() bool {
	return o.tag == OptionTagSome
}
func (o Option_int) IsNone() bool {
	return o.tag == OptionTagNone
}
func (o Option_int) Unwrap() int {
	if o.tag != OptionTagSome {
		panic("called Unwrap on None")
	}
	return *o.some
}
func (o Option_int) UnwrapOr(defaultValue int) int {
	if o.tag == OptionTagSome {
		return *o.some
	}
	return defaultValue
}
func (o Option_int) UnwrapOrElse(fn func() int) int {
	if o.tag == OptionTagSome {
		return *o.some
	}
	return fn()
}
func (o Option_int) Map(fn func(int) interface{}) Option_int {
	if o.tag == OptionTagNone {
		return o
	}
	mapped := fn(*o.some)
	result := mapped.(int)
	return Option_int{tag: OptionTagSome, some: &result}
}
func (o Option_int) AndThen(fn func(int) Option_int) Option_int {
	if o.tag == OptionTagNone {
		return o
	}
	return fn(*o.some)
}
func (o Option_int) Filter(predicate func(int) bool) Option_int {
	if o.tag == OptionTagNone {
		return o
	}
	if predicate(*o.some) {
		return o
	}
	return Option_int{tag: OptionTagNone}
}

type Option_interface struct {
	tag  OptionTag
	some *interface{}
}
func Option_interface_Some(arg0 interface{}) Option_interface {
	return Option_interface{tag: OptionTagSome, some: &arg0}
}
func Option_interface_None() Option_interface {
	return Option_interface{tag: OptionTagNone}
}
func (o Option_interface) IsSome() bool {
	return o.tag == OptionTagSome
}
func (o Option_interface) IsNone() bool {
	return o.tag == OptionTagNone
}
func (o Option_interface) Unwrap() interface{} {
	if o.tag != OptionTagSome {
		panic("called Unwrap on None")
	}
	return *o.some
}
func (o Option_interface) UnwrapOr(defaultValue interface{}) interface{} {
	if o.tag == OptionTagSome {
		return *o.some
	}
	return defaultValue
}
func (o Option_interface) UnwrapOrElse(fn func() interface{}) interface{} {
	if o.tag == OptionTagSome {
		return *o.some
	}
	return fn()
}
func (o Option_interface) Map(fn func(interface{}) interface{}) Option_interface {
	if o.tag == OptionTagNone {
		return o
	}
	mapped := fn(*o.some)
	result := mapped.(interface{})
	return Option_interface{tag: OptionTagSome, some: &result}
}
func (o Option_interface) AndThen(fn func(interface{}) Option_interface) Option_interface {
	if o.tag == OptionTagNone {
		return o
	}
	return fn(*o.some)
}
func (o Option_interface) Filter(predicate func(interface{}) bool) Option_interface {
	if o.tag == OptionTagNone {
		return o
	}
	if predicate(*o.some) {
		return o
	}
	return Option_interface{tag: OptionTagNone}
}
func processResult(result Result[int, error]) int {

	scrutinee := result
	switch scrutinee.tag {
	case ResultTagOk:
		value := *scrutinee.ok

		return value * 2
	case ResultTagErr:
		e := *scrutinee.err

		return 0
	}
	panic("unreachable: match is exhaustive")

}
func processOption(opt Option[string]) string {

	scrutinee2 := opt
	switch scrutinee2.tag {
	case OptionTagSome:
		s := *scrutinee2.some

		return s
	case OptionTagNone:

		return "default"
	}
	panic("unreachable: match is exhaustive")

}
func handleStatus(status Status) string {

	scrutinee3 := status
	switch scrutinee3.tag {
	case ActiveTag:

		return "running"
	case PendingTag:

		return "waiting"
	default:

		"unknown"
	}
	panic("unreachable: match is exhaustive")

}
func doubleIfPresent(opt Option[int]) Option[int] {
	var result OptionInt

	scrutinee4 := opt
	switch scrutinee4.tag {
	case OptionTagSome:
		x := *scrutinee4.some

		result = Some(x * 2)
	case OptionTagNone:

		result = Option_int_None()
	}
	panic("unreachable: match is exhaustive")
	return result

	return result
}
func processNested(result Result[Option[int], error]) int {

	scrutinee5 := result
	switch scrutinee5.tag {
	case ResultTagOk:
		inner := *scrutinee5.ok

		{

			scrutinee6 := inner
			switch scrutinee6.tag {
			case OptionTagSome:
				val := *scrutinee6.some

				return val
			case OptionTagNone:

				return 0
			}
			panic("unreachable: match is exhaustive")

		}
	case ResultTagErr:
		e := *scrutinee5.err

		return -1
	}
	panic("unreachable: match is exhaustive")

}

type Status int

const (
	Active Status = iota
	Pending
	Completed
)
