package main

import (
	"errors"
)

type ResultTag uint8

const (
	ResultTagOk ResultTag = iota
	ResultTagErr
)

type Result struct {
	tag   ResultTag
	ok  *string
	err *error
}

func Result_Ok(arg0 string) Result {
	return Result{tag: ResultTagOk, ok: &arg0}
}
func Result_Err(arg0 error) Result {
	return Result{tag: ResultTagErr, err: &arg0}
}
func (e Result) IsOk() bool {
	return e.tag == ResultTagOk
}
func (e Result) IsErr() bool {
	return e.tag == ResultTagErr
}
func parseConfig(host Result, port Result, timeout Result) string {

	elem0, elem1, elem2 := host, port, timeout

	switch elem0.tag {
	case ResultTagErr:
		switch elem1.tag {
		default:
			switch elem2.tag {
			default:

				e := *elem0.err
				return "Invalid host: " + e.Error()
			}
		}
	case ResultTagOk:
		switch elem1.tag {
		case ResultTagErr:
			switch elem2.tag {
			default:

				h := *elem0.ok
				e := *elem1.err
				return "Host " + h + " but invalid port: " + e.Error()
			}
		case ResultTagOk:
			switch elem2.tag {
			case ResultTagErr:

				h := *elem0.ok
				p := *elem1.ok
				e := *elem2.err
				return "Config: " + h + ":" + p + " (default timeout, error: " + e.Error() + ")"
			case ResultTagOk:

				h := *elem0.ok
				p := *elem1.ok
				t := *elem2.ok
				return "Config: " + h + ":" + p + " timeout=" + t
			}
		}
	}
	panic("unreachable: match is exhaustive")

}
func main() {
	h := Result_Ok("localhost")
	p := Result_Ok("8080")
	t := Result_Err(errors.New("timeout not specified"))
	config := parseConfig(h, p, t)
	println(config)
}
