package main

type Address struct {
	city   *string
	street *string
}
type User struct {
	name    string
	address *Address
}

func main() {
	user := &User{name: "Alice", address: nil}

	__tmp0, __err0 := __SAFE_NAV_INFER__(user, "address", "city")

	if __err0 != nil {
		return nil, __err0
	}
	// dingo:e:1
	var city = __tmp0
	__tmp1, __err1 := __SAFE_NAV_INFER__(user, "address", "street")

	if __err1 != nil {
		return nil, __err1
	}
	// dingo:e:1
	var street = __tmp1

	__tmp2, __err2 := __SAFE_NAV_INFER__(user, "address", "city", "toUpper()")

	if __err2 != nil {
		return nil, __err2
	}
	// dingo:e:1
	var upperCity = __tmp2

	println("City:", city)
	println("Street:", street)
}
