package main

type OptionTag uint8

const (
	OptionTagSome OptionTag = iota
	OptionTagNone
)

type Option struct {
	tag        OptionTag
	some_value *T
}

func OptionSome(value T) Option {
	return Option{tag: OptionTagSome, some_value: &value}
}
func OptionNone() Option {
	return Option{tag: OptionTagNone}
}
func (e Option) IsSome() bool {
	return e.tag == OptionTagSome
}
func (e Option) IsNone() bool {
	return e.tag == OptionTagNone
}
func (o Option) Map(fn func(T) T) Option {
	switch o.tag {
	case OptionTagSome:
		if o.some != nil {
			return OptionSome(fn(*o.some))
		}
	case OptionTagNone:
		return o
	}
	panic("invalid Option state")
}
func (o Option) AndThen(fn func(T) Option) Option {
	switch o.tag {
	case OptionTagSome:
		if o.some != nil {
			return fn(*o.some)
		}
	case OptionTagNone:
		return o
	}
	panic("invalid Option state")
}
