package main

import (
	"errors"
)

const (
	variantsTag_Ok variantsTag = iota
	variantsTag_Err
)

type variants struct {
	tag   variantsTag
	ok  *Value
	err *error
}

func variants_Ok(arg0 Value) variants {
	return variants{tag: variantsTag_Ok, ok: &arg0}
}
func variants_Err(arg0 error) variants {
	return variants{tag: variantsTag_Err, err: &arg0}
}
func (e variants) IsOk() bool {
	return e.tag == variantsTag_Ok
}
func (e variants) IsErr() bool {
	return e.tag == variantsTag_Err
}

type ValueTag uint8

const (
	ValueTagInt ValueTag = iota
	ValueTagString
	ValueTagNone
)

type Value struct {
	tag      ValueTag
	int    *int
	string *string
}
func Value_Int(arg0 int) Value {
	return Value{tag: ValueTagInt, int: &arg0}
}
func Value_String(arg0 string) Value {
	return Value{tag: ValueTagString, string: &arg0}
}
func Value_None() Value {
	return Value{tag: ValueTagNone}
}
func (e Value) IsInt() bool {
	return e.tag == ValueTagInt
}
func (e Value) IsString() bool {
	return e.tag == ValueTagString
}
func (e Value) IsNone() bool {
	return e.tag == ValueTagNone
}
func parseInt(s string) Result {
	if s == "" {
		return Result_Err(errors.New("empty string"))
	}
	if s == "null" {
		return Result_Ok(Value_None())
	}
	return Result_Ok(Value_String(s))
}
func main() {
	result := parseInt("hello")
	if result.IsOk() {
		value := *result.ok
		if value.IsString() {
			println("String:", *value.string)
		}
	}
}
