package main

type ShapeTag uint8

const (
	ShapeTagPoint ShapeTag = iota
	ShapeTagCircle
	ShapeTagRectangle
)

type Shape struct {
	tag              ShapeTag
	circle_radius    *float64
	rectangle_width  *float64
	rectangle_height *float64
}

func ShapePoint() Shape {
	return Shape{tag: ShapeTagPoint}
}
func ShapeCircle(radius float64) Shape {
	return Shape{tag: ShapeTagCircle, circle_radius: &radius}
}
func ShapeRectangle(width float64, height float64) Shape {
	return Shape{tag: ShapeTagRectangle, rectangle_width: &width, rectangle_height: &height}
}
func (e Shape) IsPoint() bool {
	return e.tag == ShapeTagPoint
}
func (e Shape) IsCircle() bool {
	return e.tag == ShapeTagCircle
}
func (e Shape) IsRectangle() bool {
	return e.tag == ShapeTagRectangle
}
