package main

type OptionTag uint8

const (
	OptionTagSome OptionTag = iota
	OptionTagNone
)

type Option struct {
	tag        OptionTag
	some_value *T
}

func Option_Some(value T) Option {
	return Option{tag: OptionTagSome, some_value: &value}
}
func Option_None() Option {
	return Option{tag: OptionTagNone}
}
func (e Option) IsSome() bool {
	return e.tag == OptionTagSome
}
func (e Option) IsNone() bool {
	return e.tag == OptionTagNone
}
